// Jest Snapshot v1, https://goo.gl/fbAQLP

exports[`Main component should match snapshot 1`] = `
<div>
  <span>
    Hello dude
  </span>
</div>
`;
